 component_printer

 Timestamp is 5e3ad8e0 (Thu Feb  6 02:01:52 2020)

 Preferred load address is 0000000140000000

 Start         Length     Name                   Class
 0001:00000000 000000a0H .text$di                CODE
 0001:000000a0 00004ba0H .text$mn                CODE
 0001:00004c40 00000020H .text$mn$00             CODE
 0001:00004c60 000000c0H .text$x                 CODE
 0001:00004d20 000000fcH .text$yd                CODE
 0002:00000000 00000208H .idata$5                DATA
 0002:00000208 00000010H .00cfg                  DATA
 0002:00000218 00000008H .CRT$XCA                DATA
 0002:00000220 00000008H .CRT$XCAA               DATA
 0002:00000228 00000010H .CRT$XCU                DATA
 0002:00000238 00000008H .CRT$XCZ                DATA
 0002:00000240 00000008H .CRT$XIA                DATA
 0002:00000248 00000008H .CRT$XIAA               DATA
 0002:00000250 00000008H .CRT$XIAC               DATA
 0002:00000258 00000008H .CRT$XIZ                DATA
 0002:00000260 00000008H .CRT$XPA                DATA
 0002:00000268 00000008H .CRT$XPZ                DATA
 0002:00000270 00000008H .CRT$XTA                DATA
 0002:00000278 00000008H .CRT$XTZ                DATA
 0002:00000280 00000000H .gfids$y                DATA
 0002:00000280 00000b50H .rdata                  DATA
 0002:00000dd0 000001f4H .rdata$r                DATA
 0002:00000fc4 000002f4H .rdata$zzzdbg           DATA
 0002:000012b8 00000008H .rtc$IAA                DATA
 0002:000012c0 00000008H .rtc$IZZ                DATA
 0002:000012c8 00000008H .rtc$TAA                DATA
 0002:000012d0 00000010H .rtc$TZZ                DATA
 0002:000012e0 00000548H .xdata                  DATA
 0002:00001828 000000ecH .xdata$x                DATA
 0002:00001914 00000000H .edata                  DATA
 0002:00001914 00000050H .idata$2                DATA
 0002:00001964 00000014H .idata$3                DATA
 0002:00001978 00000208H .idata$4                DATA
 0002:00001b80 000004d6H .idata$6                DATA
 0003:00000000 00000048H .data                   DATA
 0003:00000048 000000a8H .data$r                 DATA
 0003:000000f0 00000638H .bss                    DATA
 0004:00000000 0000042cH .pdata                  DATA

  Address         Publics by Value              Rva+Base               Lib:Object

 0000:00000000       __guard_iat_table          0000000000000000     <absolute>
 0000:00000000       __guard_longjmp_count      0000000000000000     <absolute>
 0000:00000000       __guard_fids_count         0000000000000000     <absolute>
 0000:00000000       __dynamic_value_reloc_table 0000000000000000     <absolute>
 0000:00000000       __hybrid_code_map_count    0000000000000000     <absolute>
 0000:00000000       __guard_longjmp_table      0000000000000000     <absolute>
 0000:00000000       __hybrid_code_map          0000000000000000     <absolute>
 0000:00000000       __guard_iat_count          0000000000000000     <absolute>
 0000:00000000       __enclave_config           0000000000000000     <absolute>
 0000:00000000       __volatile_metadata        0000000000000000     <absolute>
 0000:00000000       ___safe_se_handler_table   0000000000000000     <absolute>
 0000:00000000       __guard_fids_table         0000000000000000     <absolute>
 0000:00000000       __hybrid_auxiliary_iat     0000000000000000     <absolute>
 0000:00000000       ___safe_se_handler_count   0000000000000000     <absolute>
 0000:00000100       __guard_flags              0000000000000100     <absolute>
 0000:00000000       __ImageBase                0000000140000000     <linker-defined>
 0001:000000a0       ??$_Allocate@$0BA@U_Default_allocate_traits@std@@$0A@@std@@YAPEAX_K@Z 00000001400010a0 f i component_printer.obj
 0001:00000170       ??$_Deallocate@$0BA@$0A@@std@@YAXPEAX_K@Z 0000000140001170 f i component_printer.obj
 0001:000002a0       ??$_Emplace_reallocate@AEBUlen_string@@@?$vector@Ulen_string@@V?$allocator@Ulen_string@@@std@@@std@@QEAAPEAUlen_string@@QEAU2@AEBU2@@Z 00000001400012a0 f i component_printer.obj
 0001:000003f0       ??1?$vector@Ulen_string@@V?$allocator@Ulen_string@@@std@@@std@@QEAA@XZ 00000001400013f0 f i component_printer.obj
 0001:00000460       ?_Orphan_all@_Container_base12@std@@QEAAXXZ 0000000140001460 f i component_printer.obj
 0001:000004e0       ?_Xlength@?$vector@Ulen_string@@V?$allocator@Ulen_string@@@std@@@std@@CAXXZ 00000001400014e0 f i component_printer.obj
 0001:00000500       ?deallocate@?$allocator@Ulen_string@@@std@@QEAAXQEAUlen_string@@_K@Z 0000000140001500 f i component_printer.obj
 0001:00000510       ?getToken@@YA?AUToken@@PEAUTokenizer@@@Z 0000000140001510 f   component_printer.obj
 0001:00000b10       __local_stdio_printf_options 0000000140001b10 f i component_printer.obj
 0001:00000b20       main                       0000000140001b20 f   component_printer.obj
 0001:00002ec0       sprintf                    0000000140003ec0 f i component_printer.obj
 0001:00002f1e       ?_Xlength_error@std@@YAXPEBD@Z 0000000140003f1e f   msvcprtd:MSVCP140D.dll
 0001:00002f30       ??2@YAPEAX_K@Z             0000000140003f30 f   MSVCRTD:new_scalar.obj
 0001:00002f80       ??3@YAXPEAX_K@Z            0000000140003f80 f   MSVCRTD:delete_scalar_size.obj
 0001:00002fa0       ??$__crt_fast_decode_pointer@PEAP6AXXZ@@YAPEAP6AXXZQEAP6AXXZ@Z 0000000140003fa0 f i MSVCRTD:utility.obj
 0001:00002fe0       ??$__crt_fast_encode_pointer@PEAP6AXXZ@@YAPEAP6AXXZQEAP6AXXZ@Z 0000000140003fe0 f i MSVCRTD:utility.obj
 0001:00003020       ?__crt_rotate_pointer_value@@YA_K_KH@Z 0000000140004020 f i MSVCRTD:utility.obj
 0001:00003040       ?configure_argv@__scrt_narrow_argv_policy@@SAHXZ 0000000140004040 f i MSVCRTD:utility.obj
 0001:00003130       ?initialize_environment@__scrt_narrow_environment_policy@@SAHXZ 0000000140004130 f i MSVCRTD:utility.obj
 0001:000031d0       NtCurrentTeb               00000001400041d0 f i MSVCRTD:utility.obj
 0001:000031e0       __scrt_acquire_startup_lock 00000001400041e0 f   MSVCRTD:utility.obj
 0001:00003250       __scrt_initialize_crt      0000000140004250 f   MSVCRTD:utility.obj
 0001:000032a0       __scrt_initialize_onexit_tables 00000001400042a0 f   MSVCRTD:utility.obj
 0001:000033b0       __scrt_is_nonwritable_in_current_image 00000001400043b0 f   MSVCRTD:utility.obj
 0001:00003440       __scrt_release_startup_lock 0000000140004440 f   MSVCRTD:utility.obj
 0001:00003470       __scrt_uninitialize_crt    0000000140004470 f   MSVCRTD:utility.obj
 0001:000034b0       _onexit                    00000001400044b0 f   MSVCRTD:utility.obj
 0001:00003540       atexit                     0000000140004540 f   MSVCRTD:utility.obj
 0001:00003580       __GSHandlerCheck_EH        0000000140004580 f   MSVCRTD:gshandlereh.obj
 0001:00003640       __security_check_cookie    0000000140004640 f   MSVCRTD:_amdsecgs_.obj
 0001:00003960       ?set_app_type@__scrt_main_policy@@SAXXZ 0000000140004960 f i MSVCRTD:exe_main.obj
 0001:00003980       ?set_commode@__scrt_file_policy@@SAXXZ 0000000140004980 f i MSVCRTD:exe_main.obj
 0001:000039a0       ?set_fmode@__scrt_file_policy@@SAXXZ 00000001400049a0 f i MSVCRTD:exe_main.obj
 0001:000039c0       mainCRTStartup             00000001400049c0 f   MSVCRTD:exe_main.obj
 0001:000039d0       ??0bad_alloc@std@@AEAA@QEBD@Z 00000001400049d0 f i MSVCRTD:throw_bad_alloc.obj
 0001:00003a10       ??0bad_alloc@std@@QEAA@AEBV01@@Z 0000000140004a10 f i MSVCRTD:throw_bad_alloc.obj
 0001:00003a50       ??0bad_alloc@std@@QEAA@XZ  0000000140004a50 f i MSVCRTD:throw_bad_alloc.obj
 0001:00003a90       ??0bad_array_new_length@std@@QEAA@AEBV01@@Z 0000000140004a90 f i MSVCRTD:throw_bad_alloc.obj
 0001:00003ad0       ??0bad_array_new_length@std@@QEAA@XZ 0000000140004ad0 f i MSVCRTD:throw_bad_alloc.obj
 0001:00003b10       ??0exception@std@@QEAA@AEBV01@@Z 0000000140004b10 f i MSVCRTD:throw_bad_alloc.obj
 0001:00003b70       ??0exception@std@@QEAA@QEBDH@Z 0000000140004b70 f i MSVCRTD:throw_bad_alloc.obj
 0001:00003bc0       ??1bad_alloc@std@@UEAA@XZ  0000000140004bc0 f i MSVCRTD:throw_bad_alloc.obj
 0001:00003be0       ??1bad_array_new_length@std@@UEAA@XZ 0000000140004be0 f i MSVCRTD:throw_bad_alloc.obj
 0001:00003c00       ??1exception@std@@UEAA@XZ  0000000140004c00 f i MSVCRTD:throw_bad_alloc.obj
 0001:00003c30       ??_Ebad_alloc@std@@UEAAPEAXI@Z 0000000140004c30 f i MSVCRTD:throw_bad_alloc.obj
 0001:00003c30       ??_Gbad_alloc@std@@UEAAPEAXI@Z 0000000140004c30 f i MSVCRTD:throw_bad_alloc.obj
 0001:00003c70       ??_Ebad_array_new_length@std@@UEAAPEAXI@Z 0000000140004c70 f i MSVCRTD:throw_bad_alloc.obj
 0001:00003c70       ??_Gbad_array_new_length@std@@UEAAPEAXI@Z 0000000140004c70 f i MSVCRTD:throw_bad_alloc.obj
 0001:00003cb0       ??_Gexception@std@@UEAAPEAXI@Z 0000000140004cb0 f i MSVCRTD:throw_bad_alloc.obj
 0001:00003cb0       ??_Eexception@std@@UEAAPEAXI@Z 0000000140004cb0 f i MSVCRTD:throw_bad_alloc.obj
 0001:00003cf0       ?__scrt_throw_std_bad_alloc@@YAXXZ 0000000140004cf0 f   MSVCRTD:throw_bad_alloc.obj
 0001:00003d20       ?__scrt_throw_std_bad_array_new_length@@YAXXZ 0000000140004d20 f   MSVCRTD:throw_bad_alloc.obj
 0001:00003d50       ?what@exception@std@@UEBAPEBDXZ 0000000140004d50 f i MSVCRTD:throw_bad_alloc.obj
 0001:00003d90       ??3@YAXPEAX@Z              0000000140004d90 f   MSVCRTD:delete_scalar.obj
 0001:00003db0       __isa_available_init       0000000140004db0 f   MSVCRTD:_cpu_disp_.obj
 0001:00004120       _get_startup_argv_mode     0000000140005120 f   MSVCRTD:argv_mode.obj
 0001:00004130       __scrt_is_ucrt_dll_in_use  0000000140005130 f   MSVCRTD:ucrt_detection.obj
 0001:00004160       __crt_debugger_hook        0000000140005160 f   MSVCRTD:utility_desktop.obj
 0001:00004170       __scrt_fastfail            0000000140005170 f   MSVCRTD:utility_desktop.obj
 0001:00004310       __scrt_initialize_mta      0000000140005310 f   MSVCRTD:utility_desktop.obj
 0001:00004320       __scrt_initialize_winrt    0000000140005320 f   MSVCRTD:utility_desktop.obj
 0001:00004330       __scrt_is_managed_app      0000000140005330 f   MSVCRTD:utility_desktop.obj
 0001:000043e0       __scrt_set_unhandled_exception_filter 00000001400053e0 f   MSVCRTD:utility_desktop.obj
 0001:00004400       __scrt_stub_for_initialize_mta 0000000140005400 f   MSVCRTD:utility_desktop.obj
 0001:00004400       __scrt_exe_initialize_mta  0000000140005400 f   MSVCRTD:utility_desktop.obj
 0001:00004410       __scrt_unhandled_exception_filter 0000000140005410 f   MSVCRTD:utility_desktop.obj
 0001:00004490       _guard_check_icall_nop     0000000140005490 f i MSVCRTD:guard_support.obj
 0001:000044a0       __GSHandlerCheck           00000001400054a0 f   MSVCRTD:_gshandler_.obj
 0001:000044e0       __GSHandlerCheckCommon     00000001400054e0 f   MSVCRTD:_gshandler_.obj
 0001:000045e0       __raise_securityfailure    00000001400055e0 f   MSVCRTD:gs_report.obj
 0001:00004620       __report_gsfailure         0000000140005620 f   MSVCRTD:gs_report.obj
 0001:00004880       __security_init_cookie     0000000140005880 f   MSVCRTD:gs_support.obj
 0001:00004900       _matherr                   0000000140005900 f   MSVCRTD:matherr.obj
 0001:00004910       _get_startup_commit_mode   0000000140005910 f   MSVCRTD:commit_mode.obj
 0001:00004920       _get_startup_file_mode     0000000140005920 f   MSVCRTD:file_mode.obj
 0001:00004930       _get_startup_new_mode      0000000140005930 f   MSVCRTD:new_mode.obj
 0001:00004940       _get_startup_thread_locale_mode 0000000140005940 f   MSVCRTD:thread_locale.obj
 0001:00004950       ?__scrt_initialize_type_info@@YAXXZ 0000000140005950 f   MSVCRTD:tncleanup.obj
 0001:00004970       _should_initialize_environment 0000000140005970 f   MSVCRTD:env_mode.obj
 0001:00004980       _initialize_invalid_parameter_handler 0000000140005980 f   MSVCRTD:invalid_parameter_handler.obj
 0001:00004990       _initialize_denormal_control 0000000140005990 f   MSVCRTD:denormal_control.obj
 0001:000049a0       __local_stdio_scanf_options 00000001400059a0 f i MSVCRTD:default_local_stdio_options.obj
 0001:000049b0       __scrt_initialize_default_local_stdio_options 00000001400059b0 f   MSVCRTD:default_local_stdio_options.obj
 0001:00004a00       __scrt_is_user_matherr_present 0000000140005a00 f   MSVCRTD:matherr_detection.obj
 0001:00004a30       __scrt_get_dyn_tls_init_callback 0000000140005a30 f   MSVCRTD:dyn_tls_init.obj
 0001:00004a40       __scrt_get_dyn_tls_dtor_callback 0000000140005a40 f   MSVCRTD:dyn_tls_dtor.obj
 0001:00004a50       _RTC_Initialize            0000000140005a50 f   MSVCRTD:_initsect_.obj
 0001:00004aa0       _RTC_Terminate             0000000140005aa0 f   MSVCRTD:_initsect_.obj
 0001:00004af0       ??1type_info@@UEAA@XZ      0000000140005af0 f   MSVCRTD:std_type_info_static.obj
 0001:00004b10       ??_Etype_info@@UEAAPEAXI@Z 0000000140005b10 f i MSVCRTD:std_type_info_static.obj
 0001:00004b10       ??_Gtype_info@@UEAAPEAXI@Z 0000000140005b10 f i MSVCRTD:std_type_info_static.obj
 0001:00004b50       IsProcessorFeaturePresent  0000000140005b50 f   kernel32:KERNEL32.dll
 0001:00004b56       __std_terminate            0000000140005b56 f   vcruntimed:VCRUNTIME140D.dll
 0001:00004b5c       _CxxThrowException         0000000140005b5c f   vcruntimed:VCRUNTIME140D.dll
 0001:00004b62       __CxxFrameHandler3         0000000140005b62 f   vcruntimed:VCRUNTIME140D.dll
 0001:00004b68       memmove                    0000000140005b68 f   vcruntimed:VCRUNTIME140D.dll
 0001:00004b6e       __C_specific_handler       0000000140005b6e f   vcruntimed:VCRUNTIME140D.dll
 0001:00004b74       __std_exception_copy       0000000140005b74 f   vcruntimed:VCRUNTIME140D.dll
 0001:00004b7a       __std_exception_destroy    0000000140005b7a f   vcruntimed:VCRUNTIME140D.dll
 0001:00004b80       malloc                     0000000140005b80 f   ucrtd:ucrtbased.dll
 0001:00004b86       _callnewh                  0000000140005b86 f   ucrtd:ucrtbased.dll
 0001:00004b8c       _configure_narrow_argv     0000000140005b8c f   ucrtd:ucrtbased.dll
 0001:00004b92       _initialize_narrow_environment 0000000140005b92 f   ucrtd:ucrtbased.dll
 0001:00004b98       _initialize_onexit_table   0000000140005b98 f   ucrtd:ucrtbased.dll
 0001:00004b9e       _register_onexit_function  0000000140005b9e f   ucrtd:ucrtbased.dll
 0001:00004ba4       _crt_atexit                0000000140005ba4 f   ucrtd:ucrtbased.dll
 0001:00004baa       _cexit                     0000000140005baa f   ucrtd:ucrtbased.dll
 0001:00004bb0       _seh_filter_exe            0000000140005bb0 f   ucrtd:ucrtbased.dll
 0001:00004bb6       _set_app_type              0000000140005bb6 f   ucrtd:ucrtbased.dll
 0001:00004bbc       __setusermatherr           0000000140005bbc f   ucrtd:ucrtbased.dll
 0001:00004bc2       _get_initial_narrow_environment 0000000140005bc2 f   ucrtd:ucrtbased.dll
 0001:00004bc8       _initterm                  0000000140005bc8 f   ucrtd:ucrtbased.dll
 0001:00004bce       _initterm_e                0000000140005bce f   ucrtd:ucrtbased.dll
 0001:00004bd4       exit                       0000000140005bd4 f   ucrtd:ucrtbased.dll
 0001:00004bda       _exit                      0000000140005bda f   ucrtd:ucrtbased.dll
 0001:00004be0       _set_fmode                 0000000140005be0 f   ucrtd:ucrtbased.dll
 0001:00004be6       __p___argc                 0000000140005be6 f   ucrtd:ucrtbased.dll
 0001:00004bec       __p___argv                 0000000140005bec f   ucrtd:ucrtbased.dll
 0001:00004bf2       _c_exit                    0000000140005bf2 f   ucrtd:ucrtbased.dll
 0001:00004bf8       _register_thread_local_exe_atexit_callback 0000000140005bf8 f   ucrtd:ucrtbased.dll
 0001:00004bfe       _configthreadlocale        0000000140005bfe f   ucrtd:ucrtbased.dll
 0001:00004c04       _set_new_mode              0000000140005c04 f   ucrtd:ucrtbased.dll
 0001:00004c0a       __p__commode               0000000140005c0a f   ucrtd:ucrtbased.dll
 0001:00004c10       _free_dbg                  0000000140005c10 f   ucrtd:ucrtbased.dll
 0001:00004c16       terminate                  0000000140005c16 f   ucrtd:ucrtbased.dll
 0001:00004c20       __acrt_initialize          0000000140005c20 f   MSVCRTD:ucrt_stubs.obj
 0001:00004c20       __scrt_stub_for_acrt_initialize 0000000140005c20 f   MSVCRTD:ucrt_stubs.obj
 0001:00004c20       __vcrt_initialize          0000000140005c20 f   MSVCRTD:ucrt_stubs.obj
 0001:00004c30       __scrt_stub_for_acrt_uninitialize 0000000140005c30 f   MSVCRTD:ucrt_stubs.obj
 0001:00004c30       __vcrt_uninitialize        0000000140005c30 f   MSVCRTD:ucrt_stubs.obj
 0001:00004c30       __acrt_uninitialize        0000000140005c30 f   MSVCRTD:ucrt_stubs.obj
 0001:00004c50       _guard_dispatch_icall_nop  0000000140005c50 f   MSVCRTD:_guard_dispatch_.obj
 0002:00000000       __imp_QueryPerformanceCounter 0000000140006000     kernel32:KERNEL32.dll
 0002:00000008       __imp_GetSystemTimeAsFileTime 0000000140006008     kernel32:KERNEL32.dll
 0002:00000010       __imp_GetCurrentThreadId   0000000140006010     kernel32:KERNEL32.dll
 0002:00000018       __imp_GetCurrentProcessId  0000000140006018     kernel32:KERNEL32.dll
 0002:00000020       __imp_RtlCaptureContext    0000000140006020     kernel32:KERNEL32.dll
 0002:00000028       __imp_RtlLookupFunctionEntry 0000000140006028     kernel32:KERNEL32.dll
 0002:00000030       __imp_RtlVirtualUnwind     0000000140006030     kernel32:KERNEL32.dll
 0002:00000038       __imp_IsDebuggerPresent    0000000140006038     kernel32:KERNEL32.dll
 0002:00000040       __imp_UnhandledExceptionFilter 0000000140006040     kernel32:KERNEL32.dll
 0002:00000048       __imp_SetUnhandledExceptionFilter 0000000140006048     kernel32:KERNEL32.dll
 0002:00000050       __imp_IsProcessorFeaturePresent 0000000140006050     kernel32:KERNEL32.dll
 0002:00000058       __imp_GetModuleHandleW     0000000140006058     kernel32:KERNEL32.dll
 0002:00000060       __imp_GetCurrentProcess    0000000140006060     kernel32:KERNEL32.dll
 0002:00000068       __imp_TerminateProcess     0000000140006068     kernel32:KERNEL32.dll
 0002:00000070       __imp_InitializeSListHead  0000000140006070     kernel32:KERNEL32.dll
 0002:00000078       \177KERNEL32_NULL_THUNK_DATA 0000000140006078     kernel32:KERNEL32.dll
 0002:00000080       __imp_??1_Lockit@std@@QEAA@XZ 0000000140006080     msvcprtd:MSVCP140D.dll
 0002:00000088       __imp_?_Xlength_error@std@@YAXPEBD@Z 0000000140006088     msvcprtd:MSVCP140D.dll
 0002:00000090       __imp_??0_Lockit@std@@QEAA@H@Z 0000000140006090     msvcprtd:MSVCP140D.dll
 0002:00000098       \177MSVCP140D_NULL_THUNK_DATA 0000000140006098     msvcprtd:MSVCP140D.dll
 0002:000000a0       __imp___std_terminate      00000001400060a0     vcruntimed:VCRUNTIME140D.dll
 0002:000000a8       __imp__CxxThrowException   00000001400060a8     vcruntimed:VCRUNTIME140D.dll
 0002:000000b0       __imp___CxxFrameHandler3   00000001400060b0     vcruntimed:VCRUNTIME140D.dll
 0002:000000b8       __imp_memmove              00000001400060b8     vcruntimed:VCRUNTIME140D.dll
 0002:000000c0       __imp___C_specific_handler 00000001400060c0     vcruntimed:VCRUNTIME140D.dll
 0002:000000c8       __imp___std_exception_copy 00000001400060c8     vcruntimed:VCRUNTIME140D.dll
 0002:000000d0       __imp___std_exception_destroy 00000001400060d0     vcruntimed:VCRUNTIME140D.dll
 0002:000000d8       \177VCRUNTIME140D_NULL_THUNK_DATA 00000001400060d8     vcruntimed:VCRUNTIME140D.dll
 0002:000000e0       __imp__invalid_parameter   00000001400060e0     ucrtd:ucrtbased.dll
 0002:000000e8       __imp_fclose               00000001400060e8     ucrtd:ucrtbased.dll
 0002:000000f0       __imp_fopen                00000001400060f0     ucrtd:ucrtbased.dll
 0002:000000f8       __imp_fread                00000001400060f8     ucrtd:ucrtbased.dll
 0002:00000100       __imp_fseek                0000000140006100     ucrtd:ucrtbased.dll
 0002:00000108       __imp_ftell                0000000140006108     ucrtd:ucrtbased.dll
 0002:00000110       __imp_fwrite               0000000140006110     ucrtd:ucrtbased.dll
 0002:00000118       __imp___stdio_common_vsprintf 0000000140006118     ucrtd:ucrtbased.dll
 0002:00000120       __imp_malloc               0000000140006120     ucrtd:ucrtbased.dll
 0002:00000128       __imp_realloc              0000000140006128     ucrtd:ucrtbased.dll
 0002:00000130       __imp__CrtDbgReport        0000000140006130     ucrtd:ucrtbased.dll
 0002:00000138       __imp__callnewh            0000000140006138     ucrtd:ucrtbased.dll
 0002:00000140       __imp__configure_narrow_argv 0000000140006140     ucrtd:ucrtbased.dll
 0002:00000148       __imp__initialize_narrow_environment 0000000140006148     ucrtd:ucrtbased.dll
 0002:00000150       __imp__initialize_onexit_table 0000000140006150     ucrtd:ucrtbased.dll
 0002:00000158       __imp__register_onexit_function 0000000140006158     ucrtd:ucrtbased.dll
 0002:00000160       __imp__crt_atexit          0000000140006160     ucrtd:ucrtbased.dll
 0002:00000168       __imp__cexit               0000000140006168     ucrtd:ucrtbased.dll
 0002:00000170       __imp__seh_filter_exe      0000000140006170     ucrtd:ucrtbased.dll
 0002:00000178       __imp__set_app_type        0000000140006178     ucrtd:ucrtbased.dll
 0002:00000180       __imp___setusermatherr     0000000140006180     ucrtd:ucrtbased.dll
 0002:00000188       __imp__get_initial_narrow_environment 0000000140006188     ucrtd:ucrtbased.dll
 0002:00000190       __imp__initterm            0000000140006190     ucrtd:ucrtbased.dll
 0002:00000198       __imp__initterm_e          0000000140006198     ucrtd:ucrtbased.dll
 0002:000001a0       __imp_exit                 00000001400061a0     ucrtd:ucrtbased.dll
 0002:000001a8       __imp__exit                00000001400061a8     ucrtd:ucrtbased.dll
 0002:000001b0       __imp__set_fmode           00000001400061b0     ucrtd:ucrtbased.dll
 0002:000001b8       __imp___p___argc           00000001400061b8     ucrtd:ucrtbased.dll
 0002:000001c0       __imp___p___argv           00000001400061c0     ucrtd:ucrtbased.dll
 0002:000001c8       __imp__c_exit              00000001400061c8     ucrtd:ucrtbased.dll
 0002:000001d0       __imp__register_thread_local_exe_atexit_callback 00000001400061d0     ucrtd:ucrtbased.dll
 0002:000001d8       __imp__configthreadlocale  00000001400061d8     ucrtd:ucrtbased.dll
 0002:000001e0       __imp__set_new_mode        00000001400061e0     ucrtd:ucrtbased.dll
 0002:000001e8       __imp___p__commode         00000001400061e8     ucrtd:ucrtbased.dll
 0002:000001f0       __imp__free_dbg            00000001400061f0     ucrtd:ucrtbased.dll
 0002:000001f8       __imp_terminate            00000001400061f8     ucrtd:ucrtbased.dll
 0002:00000200       \177ucrtbased_NULL_THUNK_DATA 0000000140006200     ucrtd:ucrtbased.dll
 0002:00000208       __guard_check_icall_fptr   0000000140006208     MSVCRTD:guard_support.obj
 0002:00000210       __guard_dispatch_icall_fptr 0000000140006210     MSVCRTD:guard_support.obj
 0002:00000218       __xc_a                     0000000140006218     MSVCRTD:initializers.obj
 0002:00000238       __xc_z                     0000000140006238     MSVCRTD:initializers.obj
 0002:00000240       __xi_a                     0000000140006240     MSVCRTD:initializers.obj
 0002:00000258       __xi_z                     0000000140006258     MSVCRTD:initializers.obj
 0002:00000260       __xp_a                     0000000140006260     MSVCRTD:initializers.obj
 0002:00000268       __xp_z                     0000000140006268     MSVCRTD:initializers.obj
 0002:00000270       __xt_a                     0000000140006270     MSVCRTD:initializers.obj
 0002:00000278       __xt_z                     0000000140006278     MSVCRTD:initializers.obj
 0002:000003c0       ??_C@_0BB@FCMFBGOM@invalid?5argument@ 00000001400063c0     component_printer.obj
 0002:000003d4       ??_C@_02DKCKIIND@?$CFs@    00000001400063d4     component_printer.obj
 0002:000003d8       ??_C@_1CG@JNLFBNGN@?$AA?$CC?$AAi?$AAn?$AAv?$AAa?$AAl?$AAi?$AAd?$AA?5?$AAa?$AAr?$AAg?$AAu?$AAm?$AAe@ 00000001400063d8     component_printer.obj
 0002:00000400       ??_C@_0GJ@CAJJPMGE@c?3?2program?5files?5?$CIx86?$CJ?2microsof@ 0000000140006400     component_printer.obj
 0002:00000470       ??_C@_1NC@ICJKIMIP@?$AAc?$AA?3?$AA?2?$AAp?$AAr?$AAo?$AAg?$AAr?$AAa?$AAm?$AA?5?$AAf?$AAi?$AAl?$AAe@ 0000000140006470     component_printer.obj
 0002:00000550       ??_C@_1EK@NIFDJFDG@?$AAs?$AAt?$AAd?$AA?3?$AA?3?$AA_?$AAA?$AAd?$AAj?$AAu?$AAs?$AAt?$AA_?$AAm?$AAa@ 0000000140006550     component_printer.obj
 0002:0000059c       ??_C@_02EGOFBIJA@?$DN?$DN@ 000000014000659c     component_printer.obj
 0002:000005a0       ??_C@_01NEMOKFLO@?$DN@     00000001400065a0     component_printer.obj
 0002:000005a4       ??_C@_02FODMEDOG@?$DM?$DM@ 00000001400065a4     component_printer.obj
 0002:000005a8       ??_C@_01MNNFJEPP@?$DM@     00000001400065a8     component_printer.obj
 0002:000005ac       ??_C@_02GPIOPFAK@?$DO?$DO@ 00000001400065ac     component_printer.obj
 0002:000005b0       ??_C@_01PPODPGHN@?$DO@     00000001400065b0     component_printer.obj
 0002:000005b4       ??_C@_02HBOOOICD@?9?$DO@   00000001400065b4     component_printer.obj
 0002:000005b8       ??_C@_02NONPIBCD@?$HM?$HM@ 00000001400065b8     component_printer.obj
 0002:000005bc       ??_C@_02DHLNPPGH@?$HM?$DN@ 00000001400065bc     component_printer.obj
 0002:000005c0       ??_C@_01DNKMNLPK@?$HM@     00000001400065c0     component_printer.obj
 0002:000005c4       ??_C@_01LOCGONAA@?$AA@     00000001400065c4     component_printer.obj
 0002:000005c8       ??_C@_02JDPG@rb@           00000001400065c8     component_printer.obj
 0002:000005d0       ??_C@_0BE@JHMNECPJ@REGISTER_WIDGET_VAL@ 00000001400065d0     component_printer.obj
 0002:000005e8       ??_C@_0BL@NLGFJLNE@REGISTER_WIDGET_ENUM_ENTRY@ 00000001400065e8     component_printer.obj
 0002:00000604       ??_C@_05HDBKIDE@state@     0000000140006604     component_printer.obj
 0002:00000610       ??_C@_08PNMNOKOB@entities@ 0000000140006610     component_printer.obj
 0002:00000620       ??_C@_0BD@KIPDAPNH@?$CFs_print_vals_func@ 0000000140006620     component_printer.obj
 0002:00000640       ??_C@_0GI@IPJIDNMF@?$CDdefine?5?$CFs_PRINT_VALS_FUNC?$CIname@ 0000000140006640     component_printer.obj
 0002:000006a8       ??_C@_0BK@FDDAEHDG@REGISTER_COMPONENT_WIDGET@ 00000001400066a8     component_printer.obj
 0002:000006c4       ??_C@_01CELHOKLL@?$HN@     00000001400066c4     component_printer.obj
 0002:000006c8       ??_C@_01IHBHIGKO@?0@       00000001400066c8     component_printer.obj
 0002:000006d0       ??_C@_0BB@KOKLGNMC@?$CFs_print_buffers@ 00000001400066d0     component_printer.obj
 0002:000006e8       ??_C@_0BK@CNAIABOF@?$CFs_PRINT_VALS_FUNC?$CI?$CFs?$CJ?6?$HL?6@ 00000001400066e8     component_printer.obj
 0002:00000708       ??_C@_0CF@EMBOAMEN@?7append_to_len_string?$CI?$CGs?0?5?$CC?$CFs?5?2@ 0000000140006708     component_printer.obj
 0002:00000730       ??_C@_0BN@CAILMICC@?7?$HL?6?7?$CFs?5val?5?$DN?5state?9?$DO?$CFs?$FLid?$FN?$DL?6@ 0000000140006730     component_printer.obj
 0002:00000750       ??_C@_02LNLCGGHO@v2@       0000000140006750     component_printer.obj
 0002:00000758       ??_C@_0DM@MAFGEFMN@?7sprintf?$CIbuf?0?5?$CC?5?5?5?$CFs?$FLid?$FN?5?$DN?$DN?5?$CF?$CF?4@ 0000000140006758     component_printer.obj
 0002:00000798       ??_C@_0CB@BEICMPIL@?7append_to_len_string?$CI?$CGs?0?5buf?$CJ?$DL@ 0000000140006798     component_printer.obj
 0002:000007bc       ??_C@_02KEKJFHDP@v3@       00000001400067bc     component_printer.obj
 0002:000007c0       ??_C@_0EJ@LIKIJLPF@?7sprintf?$CIbuf?0?5?$CC?5?5?5?$CFs?$FLid?$FN?5?$DN?$DN?5?$CF?$CF?4@ 00000001400067c0     component_printer.obj
 0002:0000080c       ??_C@_02OLOIMBPI@v4@       000000014000680c     component_printer.obj
 0002:00000810       ??_C@_0FG@BJPEGFJF@?7sprintf?$CIbuf?0?5?$CC?5?5?5?$CFs?$FLid?$FN?5?$DN?$DN?5?$CF?$CF?4@ 0000000140006810     component_printer.obj
 0002:00000868       ??_C@_03NENAEHEM@r32@      0000000140006868     component_printer.obj
 0002:00000870       ??_C@_0CN@OEBEFCEE@?7sprintf?$CIbuf?0?5?$CC?5?5?5?$CFs?$FLid?$FN?5?$DN?$DN?5?$CF?$CF?4@ 0000000140006870     component_printer.obj
 0002:000008a0       ??_C@_0CL@LACIPHKG@?7sprintf?$CIbuf?0?5?$CC?5?5?5?$CFs?$FLid?$FN?5?$DN?$DN?5?$CF?$CFd@ 00000001400068a0     component_printer.obj
 0002:000008d0       ??_C@_0CO@CKJAMBGG@std?3?3unordered_map?$DMu32?0?5?$CFs?$CK?$DO?5?$CFs@ 00000001400068d0     component_printer.obj
 0002:00000900       ??_C@_0BC@OEPDKMDI@?7?$HL?5?$CIu32?$CJ?$CFs?0?5?5?$CFs?5?$HN@ 0000000140006900     component_printer.obj
 0002:00000914       ??_C@_02GMLFBBN@wb@        0000000140006914     component_printer.obj
 0002:00000918       ??_C@_0BO@PFKOHNJC@vector?5subscript?5out?5of?5range@ 0000000140006918     component_printer.obj
 0002:00000940       ??_C@_0GH@PHBFPDPI@c?3?2program?5files?5?$CIx86?$CJ?2microsof@ 0000000140006940     component_printer.obj
 0002:000009b0       ??_C@_1MO@GGNBFPEH@?$AAc?$AA?3?$AA?2?$AAp?$AAr?$AAo?$AAg?$AAr?$AAa?$AAm?$AA?5?$AAf?$AAi?$AAl?$AAe@ 00000001400069b0     component_printer.obj
 0002:00000a80       ??_C@_1KK@ILCNPNIE@?$AAs?$AAt?$AAd?$AA?3?$AA?3?$AAv?$AAe?$AAc?$AAt?$AAo?$AAr?$AA?$DM?$AAs?$AAt?$AAr@ 0000000140006a80     component_printer.obj
 0002:00000b30       ??_C@_1EA@LEKOKFNB@?$AA?$CC?$AAv?$AAe?$AAc?$AAt?$AAo?$AAr?$AA?5?$AAs?$AAu?$AAb?$AAs?$AAc?$AAr?$AAi@ 0000000140006b30     component_printer.obj
 0002:00000b70       ??_C@_0BD@OLBABOEK@vector?$DMT?$DO?5too?5long@ 0000000140006b70     component_printer.obj
 0002:00000b90       ??_C@_1EO@GFNCMDLA@?$AAs?$AAt?$AAd?$AA?3?$AA?3?$AA_?$AAA?$AAl?$AAl?$AAo?$AAc?$AAa?$AAt?$AAe?$AA_@ 0000000140006b90     component_printer.obj
 0002:00000be8       ??_7exception@std@@6B@     0000000140006be8     MSVCRTD:throw_bad_alloc.obj
 0002:00000bf8       ??_C@_0BC@EOODALEL@Unknown?5exception@ 0000000140006bf8     MSVCRTD:throw_bad_alloc.obj
 0002:00000c18       ??_7bad_alloc@std@@6B@     0000000140006c18     MSVCRTD:throw_bad_alloc.obj
 0002:00000c28       ??_C@_0P@GHFPNOJB@bad?5allocation@ 0000000140006c28     MSVCRTD:throw_bad_alloc.obj
 0002:00000c40       ??_7bad_array_new_length@std@@6B@ 0000000140006c40     MSVCRTD:throw_bad_alloc.obj
 0002:00000c50       ??_C@_0BF@KINCDENJ@bad?5array?5new?5length@ 0000000140006c50     MSVCRTD:throw_bad_alloc.obj
 0002:00000c80       ??_7type_info@@6B@         0000000140006c80     MSVCRTD:std_type_info_static.obj
 0002:00000cd0       _load_config_used          0000000140006cd0     MSVCRTD:loadcfg.obj
 0002:00000dd0       ??_R4exception@std@@6B@    0000000140006dd0     MSVCRTD:throw_bad_alloc.obj
 0002:00000df8       ??_R3exception@std@@8      0000000140006df8     MSVCRTD:throw_bad_alloc.obj
 0002:00000e10       ??_R2exception@std@@8      0000000140006e10     MSVCRTD:throw_bad_alloc.obj
 0002:00000e20       ??_R1A@?0A@EA@exception@std@@8 0000000140006e20     MSVCRTD:throw_bad_alloc.obj
 0002:00000e48       ??_R4bad_alloc@std@@6B@    0000000140006e48     MSVCRTD:throw_bad_alloc.obj
 0002:00000e70       ??_R3bad_alloc@std@@8      0000000140006e70     MSVCRTD:throw_bad_alloc.obj
 0002:00000e88       ??_R2bad_alloc@std@@8      0000000140006e88     MSVCRTD:throw_bad_alloc.obj
 0002:00000ea0       ??_R1A@?0A@EA@bad_alloc@std@@8 0000000140006ea0     MSVCRTD:throw_bad_alloc.obj
 0002:00000ec8       ??_R4bad_array_new_length@std@@6B@ 0000000140006ec8     MSVCRTD:throw_bad_alloc.obj
 0002:00000ef0       ??_R3bad_array_new_length@std@@8 0000000140006ef0     MSVCRTD:throw_bad_alloc.obj
 0002:00000f08       ??_R2bad_array_new_length@std@@8 0000000140006f08     MSVCRTD:throw_bad_alloc.obj
 0002:00000f28       ??_R1A@?0A@EA@bad_array_new_length@std@@8 0000000140006f28     MSVCRTD:throw_bad_alloc.obj
 0002:00000f50       ??_R4type_info@@6B@        0000000140006f50     MSVCRTD:std_type_info_static.obj
 0002:00000f78       ??_R3type_info@@8          0000000140006f78     MSVCRTD:std_type_info_static.obj
 0002:00000f90       ??_R2type_info@@8          0000000140006f90     MSVCRTD:std_type_info_static.obj
 0002:00000fa0       ??_R1A@?0A@EA@type_info@@8 0000000140006fa0     MSVCRTD:std_type_info_static.obj
 0002:000012b8       __rtc_iaa                  00000001400072b8     MSVCRTD:_initsect_.obj
 0002:000012c0       __rtc_izz                  00000001400072c0     MSVCRTD:_initsect_.obj
 0002:000012c8       __rtc_taa                  00000001400072c8     MSVCRTD:_initsect_.obj
 0002:000012d0       __rtc_tzz                  00000001400072d0     MSVCRTD:_initsect_.obj
 0002:00001828       _TI2?AVbad_alloc@std@@     0000000140007828     MSVCRTD:throw_bad_alloc.obj
 0002:00001848       _CTA2?AVbad_alloc@std@@    0000000140007848     MSVCRTD:throw_bad_alloc.obj
 0002:00001860       _CT??_R0?AVbad_alloc@std@@@8??0bad_alloc@std@@QEAA@AEBV01@@Z24 0000000140007860     MSVCRTD:throw_bad_alloc.obj
 0002:00001888       _CT??_R0?AVexception@std@@@8??0exception@std@@QEAA@AEBV01@@Z24 0000000140007888     MSVCRTD:throw_bad_alloc.obj
 0002:000018b0       _TI3?AVbad_array_new_length@std@@ 00000001400078b0     MSVCRTD:throw_bad_alloc.obj
 0002:000018d0       _CTA3?AVbad_array_new_length@std@@ 00000001400078d0     MSVCRTD:throw_bad_alloc.obj
 0002:000018f0       _CT??_R0?AVbad_array_new_length@std@@@8??0bad_array_new_length@std@@QEAA@AEBV01@@Z24 00000001400078f0     MSVCRTD:throw_bad_alloc.obj
 0002:00001914       __IMPORT_DESCRIPTOR_MSVCP140D 0000000140007914     msvcprtd:MSVCP140D.dll
 0002:00001928       __IMPORT_DESCRIPTOR_KERNEL32 0000000140007928     kernel32:KERNEL32.dll
 0002:0000193c       __IMPORT_DESCRIPTOR_VCRUNTIME140D 000000014000793c     vcruntimed:VCRUNTIME140D.dll
 0002:00001950       __IMPORT_DESCRIPTOR_ucrtbased 0000000140007950     ucrtd:ucrtbased.dll
 0002:00001964       __NULL_IMPORT_DESCRIPTOR   0000000140007964     msvcprtd:MSVCP140D.dll
 0003:00000000       __scrt_native_dllmain_reason 0000000140009000     MSVCRTD:utility.obj
 0003:00000010       __security_cookie_complement 0000000140009010     MSVCRTD:gs_cookie.obj
 0003:00000018       __security_cookie          0000000140009018     MSVCRTD:gs_cookie.obj
 0003:00000020       __isa_available            0000000140009020     MSVCRTD:_cpu_disp_.obj
 0003:00000024       __isa_enabled              0000000140009024     MSVCRTD:_cpu_disp_.obj
 0003:00000028       __memcpy_nt_iters          0000000140009028     MSVCRTD:_cpu_disp_.obj
 0003:00000030       __scrt_default_matherr     0000000140009030     MSVCRTD:matherr.obj
 0003:00000040       __scrt_ucrt_dll_is_in_use  0000000140009040     MSVCRTD:ucrt_stubs.obj
 0003:00000048       ??_R0?AVbad_alloc@std@@@8  0000000140009048     MSVCRTD:throw_bad_alloc.obj
 0003:00000070       ??_R0?AVexception@std@@@8  0000000140009070     MSVCRTD:throw_bad_alloc.obj
 0003:00000098       ??_R0?AVbad_array_new_length@std@@@8 0000000140009098     MSVCRTD:throw_bad_alloc.obj
 0003:000000c8       ??_R0?AVtype_info@@@8      00000001400090c8     MSVCRTD:std_type_info_static.obj
 0003:000000f0       ?_OptionsStorage@?1??__local_stdio_printf_options@@9@4_KA 00000001400090f0     component_printer.obj
 0003:000000f8       ?f_names@@3V?$vector@Ulen_string@@V?$allocator@Ulen_string@@@std@@@std@@A 00000001400090f8     component_printer.obj
 0003:00000118       ?field_names@@3V?$vector@Ulen_string@@V?$allocator@Ulen_string@@@std@@@std@@A 0000000140009118     component_printer.obj
 0003:00000138       __scrt_current_native_startup_state 0000000140009138     MSVCRTD:utility.obj
 0003:00000140       __scrt_native_startup_lock 0000000140009140     MSVCRTD:utility.obj
 0003:00000180       __favor                    0000000140009180     MSVCRTD:_cpu_disp_.obj
 0003:00000184       __scrt_debugger_hook_flag  0000000140009184     MSVCRTD:utility_desktop.obj
 0003:00000700       ?__type_info_root_node@@3U__type_info_node@@A 0000000140009700     MSVCRTD:tncleanup.obj
 0003:00000710       ?_OptionsStorage@?1??__local_stdio_scanf_options@@9@4_KA 0000000140009710     MSVCRTD:default_local_stdio_options.obj
 0003:00000718       __dyn_tls_dtor_callback    0000000140009718     <common>
 0003:00000720       __dyn_tls_init_callback    0000000140009720     <common>

 entry point at        0001:000039c0

 Static symbols

 0000:ffff4000       .debug$S                   0000000140000000     vcruntimed:VCRUNTIME140D.dll
 0000:ffff4000       .debug$S                   0000000140000000     ucrtd:ucrtbased.dll
 0000:ffff4000       .debug$S                   0000000140000000     ucrtd:ucrtbased.dll
 0000:ffff4000       .debug$S                   0000000140000000     ucrtd:ucrtbased.dll
 0000:ffff4000       .debug$S                   0000000140000000     ucrtd:ucrtbased.dll
 0000:ffff4000       .debug$S                   0000000140000000     ucrtd:ucrtbased.dll
 0000:ffff4000       .debug$S                   0000000140000000     ucrtd:ucrtbased.dll
 0000:ffff4000       .debug$S                   0000000140000000     ucrtd:ucrtbased.dll
 0000:ffff4000       .debug$S                   0000000140000000     ucrtd:ucrtbased.dll
 0000:ffff4000       .debug$S                   0000000140000000     ucrtd:ucrtbased.dll
 0000:ffff4000       .debug$S                   0000000140000000     ucrtd:ucrtbased.dll
 0000:ffff4000       .debug$S                   0000000140000000     ucrtd:ucrtbased.dll
 0000:ffff4000       .debug$S                   0000000140000000     ucrtd:ucrtbased.dll
 0000:ffff4000       .debug$S                   0000000140000000     ucrtd:ucrtbased.dll
 0000:ffff4000       .debug$S                   0000000140000000     ucrtd:ucrtbased.dll
 0000:ffff4000       .debug$S                   0000000140000000     ucrtd:ucrtbased.dll
 0000:ffff4000       .debug$S                   0000000140000000     ucrtd:ucrtbased.dll
 0000:ffff4000       .debug$S                   0000000140000000     ucrtd:ucrtbased.dll
 0000:ffff4000       .debug$S                   0000000140000000     ucrtd:ucrtbased.dll
 0000:ffff4000       .debug$S                   0000000140000000     ucrtd:ucrtbased.dll
 0000:ffff4000       .debug$S                   0000000140000000     ucrtd:ucrtbased.dll
 0000:ffff4000       .debug$S                   0000000140000000     ucrtd:ucrtbased.dll
 0000:ffff4000       .debug$S                   0000000140000000     ucrtd:ucrtbased.dll
 0000:ffff4000       .debug$S                   0000000140000000     ucrtd:ucrtbased.dll
 0000:ffff4000       .debug$S                   0000000140000000     ucrtd:ucrtbased.dll
 0000:ffff4000       .debug$S                   0000000140000000     ucrtd:ucrtbased.dll
 0000:ffff4000       .debug$S                   0000000140000000     ucrtd:ucrtbased.dll
 0000:ffff4000       .debug$S                   0000000140000000     ucrtd:ucrtbased.dll
 0000:ffff4000       .debug$S                   0000000140000000     ucrtd:ucrtbased.dll
 0000:ffff4000       .debug$S                   0000000140000000     ucrtd:ucrtbased.dll
 0000:ffff4000       .debug$S                   0000000140000000     ucrtd:ucrtbased.dll
 0000:ffff4000       .debug$S                   0000000140000000     ucrtd:ucrtbased.dll
 0000:ffff4000       .debug$S                   0000000140000000     ucrtd:ucrtbased.dll
 0000:ffff4000       .debug$S                   0000000140000000     ucrtd:ucrtbased.dll
 0000:ffff4000       .debug$S                   0000000140000000     ucrtd:ucrtbased.dll
 0000:ffff4000       .debug$S                   0000000140000000     ucrtd:ucrtbased.dll
 0000:ffff4000       .debug$S                   0000000140000000     ucrtd:ucrtbased.dll
 0000:ffff4000       .debug$S                   0000000140000000     ucrtd:ucrtbased.dll
 0000:ffff4000       .debug$S                   0000000140000000     ucrtd:ucrtbased.dll
 0000:ffff4000       .debug$S                   0000000140000000     ucrtd:ucrtbased.dll
 0000:ffff4000       .debug$S                   0000000140000000     msvcprtd:MSVCP140D.dll
 0000:ffff4000       .debug$S                   0000000140000000     vcruntimed:VCRUNTIME140D.dll
 0000:ffff4000       .debug$S                   0000000140000000     vcruntimed:VCRUNTIME140D.dll
 0000:ffff4000       .debug$S                   0000000140000000     vcruntimed:VCRUNTIME140D.dll
 0000:ffff4000       .debug$S                   0000000140000000     msvcprtd:MSVCP140D.dll
 0000:ffff4000       .debug$S                   0000000140000000     vcruntimed:VCRUNTIME140D.dll
 0000:ffff4000       .debug$S                   0000000140000000     vcruntimed:VCRUNTIME140D.dll
 0000:ffff4000       .debug$S                   0000000140000000     vcruntimed:VCRUNTIME140D.dll
 0000:ffff4000       .debug$S                   0000000140000000     vcruntimed:VCRUNTIME140D.dll
 0000:ffff4000       .debug$S                   0000000140000000     msvcprtd:MSVCP140D.dll
 0000:ffff4000       .debug$S                   0000000140000000     kernel32:KERNEL32.dll
 0000:ffff4000       .debug$S                   0000000140000000     kernel32:KERNEL32.dll
 0000:ffff4000       .debug$S                   0000000140000000     kernel32:KERNEL32.dll
 0000:ffff4000       .debug$S                   0000000140000000     kernel32:KERNEL32.dll
 0000:ffff4000       .debug$S                   0000000140000000     kernel32:KERNEL32.dll
 0000:ffff4000       .debug$S                   0000000140000000     kernel32:KERNEL32.dll
 0000:ffff4000       .debug$S                   0000000140000000     kernel32:KERNEL32.dll
 0000:ffff4000       .debug$S                   0000000140000000     kernel32:KERNEL32.dll
 0000:ffff4000       .debug$S                   0000000140000000     kernel32:KERNEL32.dll
 0000:ffff4000       .debug$S                   0000000140000000     kernel32:KERNEL32.dll
 0000:ffff4000       .debug$S                   0000000140000000     kernel32:KERNEL32.dll
 0000:ffff4000       .debug$S                   0000000140000000     kernel32:KERNEL32.dll
 0000:ffff4000       .debug$S                   0000000140000000     kernel32:KERNEL32.dll
 0000:ffff4000       .debug$S                   0000000140000000     kernel32:KERNEL32.dll
 0000:ffff4000       .debug$S                   0000000140000000     kernel32:KERNEL32.dll
 0000:ffff4000       .debug$S                   0000000140000000     kernel32:KERNEL32.dll
 0001:00000000       ??__Ef_names@@YAXXZ        0000000140001000 f   component_printer.obj
 0001:00000050       ??__Efield_names@@YAXXZ    0000000140001050 f   component_printer.obj
 0001:00000974       $LN153                     0000000140001974     component_printer.obj
 0001:000009c0       $LN152                     00000001400019c0     component_printer.obj
 0001:00000a40       ?l_string@@YA?AUlen_string@@PEADI@Z 0000000140001a40 f   component_printer.obj
 0001:00003060       ?find_pe_section@@YAPEAU_IMAGE_SECTION_HEADER@@QEAE_K@Z 0000000140004060 f   MSVCRTD:utility.obj
 0001:00003140       ?is_potentially_valid_image_base@@YA_NQEAX@Z 0000000140004140 f   MSVCRTD:utility.obj
 0001:00003630       $$000000                   0000000140004630     MSVCRTD:_amdsecgs_.obj
 0001:00003670       ?pre_c_initialization@@YAHXZ 0000000140004670 f   MSVCRTD:exe_main.obj
 0001:00003730       ?post_pgo_initialization@@YAHXZ 0000000140004730 f   MSVCRTD:exe_main.obj
 0001:00003740       ?pre_cpp_initialization@@YAXXZ 0000000140004740 f   MSVCRTD:exe_main.obj
 0001:00003760       ?__scrt_common_main@@YAHXZ 0000000140004760 f   MSVCRTD:exe_main.obj
 0001:00003780       ?__scrt_common_main_seh@@YAHXZ 0000000140004780 f   MSVCRTD:exe_main.obj
 0001:00003920       ?invoke_main@@YAHXZ        0000000140004920 f   MSVCRTD:exe_main.obj
 0001:00004700       capture_previous_context   0000000140005700 f   MSVCRTD:gs_report.obj
 0001:000047c0       __get_entropy              00000001400057c0 f   MSVCRTD:gs_support.obj
 0001:00004c40       $$000000                   0000000140005c40     MSVCRTD:_guard_dispatch_.obj
 0001:00004c60       ?catch$0@?0???$_Emplace_reallocate@AEBUlen_string@@@?$vector@Ulen_string@@V?$allocator@Ulen_string@@@std@@@std@@QEAAPEAUlen_string@@QEAU2@AEBU2@@Z@4HA 0000000140005c60 f   component_printer.obj
 0001:00004c6d       __catch$??$_Emplace_reallocate@AEBUlen_string@@@?$vector@Ulen_string@@V?$allocator@Ulen_string@@@std@@@std@@QEAAPEAUlen_string@@QEAU2@AEBU2@@Z$0 0000000140005c6d f   component_printer.obj
 0001:00004c90       main$dtor$0                0000000140005c90 f   component_printer.obj
 0001:00004ca0       main$dtor$1                0000000140005ca0 f   component_printer.obj
 0001:00004cb0       __scrt_is_nonwritable_in_current_image$filt$0 0000000140005cb0 f   MSVCRTD:utility.obj
 0001:00004cf0       ?filt$0@?0??__scrt_common_main_seh@@YAHXZ@4HA 0000000140005cf0 f   MSVCRTD:exe_main.obj
 0001:00004d20       ??__Ff_names@@YAXXZ        0000000140005d20 f   component_printer.obj
 0001:00004da0       ??__Ffield_names@@YAXXZ    0000000140005da0 f   component_printer.obj
 0002:00000220       ?pre_cpp_initializer@@3P6AXXZEA 0000000140006220     MSVCRTD:exe_main.obj
 0002:00000228       ?f_names$initializer$@@3P6AXXZEA 0000000140006228     component_printer.obj
 0002:00000230       ?field_names$initializer$@@3P6AXXZEA 0000000140006230     component_printer.obj
 0002:00000248       ?pre_c_initializer@@3P6AHXZEA 0000000140006248     MSVCRTD:exe_main.obj
 0002:00000250       ?post_pgo_initializer@@3P6AHXZEA 0000000140006250     MSVCRTD:exe_main.obj
 0002:00000280       $cppxdata$?_Orphan_all@_Container_base12@std@@QEAAXXZ 0000000140006280     component_printer.obj
 0002:000002a8       $cppxdata$??1?$vector@Ulen_string@@V?$allocator@Ulen_string@@@std@@@std@@QEAA@XZ 00000001400062a8     component_printer.obj
 0002:000002d0       $cppxdata$??__Ef_names@@YAXXZ 00000001400062d0     component_printer.obj
 0002:000002f8       $cppxdata$??__Ff_names@@YAXXZ 00000001400062f8     component_printer.obj
 0002:00000320       $cppxdata$??__Efield_names@@YAXXZ 0000000140006320     component_printer.obj
 0002:00000348       $cppxdata$??__Ffield_names@@YAXXZ 0000000140006348     component_printer.obj
 0002:00000370       $cppxdata$main             0000000140006370     component_printer.obj
 0002:00000398       $cppxdata$??$_Emplace_reallocate@AEBUlen_string@@@?$vector@Ulen_string@@V?$allocator@Ulen_string@@@std@@@std@@QEAAPEAUlen_string@@QEAU2@AEBU2@@Z 0000000140006398     component_printer.obj
 0002:00000c68       GS_ExceptionPointers       0000000140006c68     MSVCRTD:gs_report.obj
 0002:000012e0       $unwind$sprintf            00000001400072e0     component_printer.obj
 0002:000012ec       $unwind$?_Orphan_all@_Container_base12@std@@QEAAXXZ 00000001400072ec     component_printer.obj
 0002:00001300       $ip2state$?_Orphan_all@_Container_base12@std@@QEAAXXZ 0000000140007300     component_printer.obj
 0002:00001308       $unwind$?getToken@@YA?AUToken@@PEAUTokenizer@@@Z 0000000140007308     component_printer.obj
 0002:00001310       $chain$0$?getToken@@YA?AUToken@@PEAUTokenizer@@@Z 0000000140007310     component_printer.obj
 0002:00001324       $chain$1$?getToken@@YA?AUToken@@PEAUTokenizer@@@Z 0000000140007324     component_printer.obj
 0002:00001334       $unwind$?l_string@@YA?AUlen_string@@PEADI@Z 0000000140007334     component_printer.obj
 0002:0000134c       $unwind$??1?$vector@Ulen_string@@V?$allocator@Ulen_string@@@std@@@std@@QEAA@XZ 000000014000734c     component_printer.obj
 0002:00001360       $stateUnwindMap$??1?$vector@Ulen_string@@V?$allocator@Ulen_string@@@std@@@std@@QEAA@XZ 0000000140007360     component_printer.obj
 0002:00001368       $ip2state$??1?$vector@Ulen_string@@V?$allocator@Ulen_string@@@std@@@std@@QEAA@XZ 0000000140007368     component_printer.obj
 0002:00001378       $unwind$?_Xlength@?$vector@Ulen_string@@V?$allocator@Ulen_string@@@std@@@std@@CAXXZ 0000000140007378     component_printer.obj
 0002:00001380       $unwind$??__Ef_names@@YAXXZ 0000000140007380     component_printer.obj
 0002:00001390       $stateUnwindMap$??__Ef_names@@YAXXZ 0000000140007390     component_printer.obj
 0002:00001398       $ip2state$??__Ef_names@@YAXXZ 0000000140007398     component_printer.obj
 0002:000013a0       $unwind$??__Ff_names@@YAXXZ 00000001400073a0     component_printer.obj
 0002:000013b0       $stateUnwindMap$??__Ff_names@@YAXXZ 00000001400073b0     component_printer.obj
 0002:000013c0       $ip2state$??__Ff_names@@YAXXZ 00000001400073c0     component_printer.obj
 0002:000013d0       $unwind$??__Efield_names@@YAXXZ 00000001400073d0     component_printer.obj
 0002:000013e0       $stateUnwindMap$??__Efield_names@@YAXXZ 00000001400073e0     component_printer.obj
 0002:000013e8       $ip2state$??__Efield_names@@YAXXZ 00000001400073e8     component_printer.obj
 0002:000013f0       $unwind$??__Ffield_names@@YAXXZ 00000001400073f0     component_printer.obj
 0002:00001400       $stateUnwindMap$??__Ffield_names@@YAXXZ 0000000140007400     component_printer.obj
 0002:00001410       $ip2state$??__Ffield_names@@YAXXZ 0000000140007410     component_printer.obj
 0002:00001420       $unwind$main               0000000140007420     component_printer.obj
 0002:00001458       $stateUnwindMap$main       0000000140007458     component_printer.obj
 0002:00001490       $ip2state$main             0000000140007490     component_printer.obj
 0002:000014e8       $unwind$??$_Emplace_reallocate@AEBUlen_string@@@?$vector@Ulen_string@@V?$allocator@Ulen_string@@@std@@@std@@QEAAPEAUlen_string@@QEAU2@AEBU2@@Z 00000001400074e8     component_printer.obj
 0002:00001504       $stateUnwindMap$??$_Emplace_reallocate@AEBUlen_string@@@?$vector@Ulen_string@@V?$allocator@Ulen_string@@@std@@@std@@QEAAPEAUlen_string@@QEAU2@AEBU2@@Z 0000000140007504     component_printer.obj
 0002:00001514       $tryMap$??$_Emplace_reallocate@AEBUlen_string@@@?$vector@Ulen_string@@V?$allocator@Ulen_string@@@std@@@std@@QEAAPEAUlen_string@@QEAU2@AEBU2@@Z 0000000140007514     component_printer.obj
 0002:00001528       $handlerMap$0$??$_Emplace_reallocate@AEBUlen_string@@@?$vector@Ulen_string@@V?$allocator@Ulen_string@@@std@@@std@@QEAAPEAUlen_string@@QEAU2@AEBU2@@Z 0000000140007528     component_printer.obj
 0002:00001540       $ip2state$??$_Emplace_reallocate@AEBUlen_string@@@?$vector@Ulen_string@@V?$allocator@Ulen_string@@@std@@@std@@QEAAPEAUlen_string@@QEAU2@AEBU2@@Z 0000000140007540     component_printer.obj
 0002:00001550       $unwind$?catch$0@?0???$_Emplace_reallocate@AEBUlen_string@@@?$vector@Ulen_string@@V?$allocator@Ulen_string@@@std@@@std@@QEAAPEAUlen_string@@QEAU2@AEBU2@@Z@4HA 0000000140007550     component_printer.obj
 0002:00001560       $unwind$??$_Allocate@$0BA@U_Default_allocate_traits@std@@$0A@@std@@YAPEAX_K@Z 0000000140007560     component_printer.obj
 0002:00001568       $chain$0$??$_Allocate@$0BA@U_Default_allocate_traits@std@@$0A@@std@@YAPEAX_K@Z 0000000140007568     component_printer.obj
 0002:0000157c       $chain$1$??$_Allocate@$0BA@U_Default_allocate_traits@std@@$0A@@std@@YAPEAX_K@Z 000000014000757c     component_printer.obj
 0002:0000158c       $unwind$??$_Deallocate@$0BA@$0A@@std@@YAXPEAX_K@Z 000000014000758c     component_printer.obj
 0002:00001598       $chain$2$??$_Deallocate@$0BA@$0A@@std@@YAXPEAX_K@Z 0000000140007598     component_printer.obj
 0002:000015b4       $chain$3$??$_Deallocate@$0BA@$0A@@std@@YAXPEAX_K@Z 00000001400075b4     component_printer.obj
 0002:000015c4       $unwind$??2@YAPEAX_K@Z     00000001400075c4     MSVCRTD:new_scalar.obj
 0002:000015cc       $unwind$??3@YAXPEAX_K@Z    00000001400075cc     MSVCRTD:delete_scalar_size.obj
 0002:000015d4       $unwind$atexit             00000001400075d4     MSVCRTD:utility.obj
 0002:000015dc       $unwind$_onexit            00000001400075dc     MSVCRTD:utility.obj
 0002:000015e4       $unwind$__scrt_is_nonwritable_in_current_image 00000001400075e4     MSVCRTD:utility.obj
 0002:00001604       $unwind$__scrt_is_nonwritable_in_current_image$filt$0 0000000140007604     MSVCRTD:utility.obj
 0002:0000160c       $unwind$__scrt_acquire_startup_lock 000000014000760c     MSVCRTD:utility.obj
 0002:00001614       $unwind$__scrt_release_startup_lock 0000000140007614     MSVCRTD:utility.obj
 0002:0000161c       $unwind$__scrt_initialize_crt 000000014000761c     MSVCRTD:utility.obj
 0002:00001624       $unwind$__scrt_uninitialize_crt 0000000140007624     MSVCRTD:utility.obj
 0002:0000162c       $unwind$__scrt_initialize_onexit_tables 000000014000762c     MSVCRTD:utility.obj
 0002:00001638       $unwind$?configure_argv@__scrt_narrow_argv_policy@@SAHXZ 0000000140007638     MSVCRTD:utility.obj
 0002:00001640       $unwind$?initialize_environment@__scrt_narrow_environment_policy@@SAHXZ 0000000140007640     MSVCRTD:utility.obj
 0002:00001648       $unwind$?is_potentially_valid_image_base@@YA_NQEAX@Z 0000000140007648     MSVCRTD:utility.obj
 0002:00001650       $unwind$?find_pe_section@@YAPEAU_IMAGE_SECTION_HEADER@@QEAE_K@Z 0000000140007650     MSVCRTD:utility.obj
 0002:00001658       $unwind$??$__crt_fast_decode_pointer@PEAP6AXXZ@@YAPEAP6AXXZQEAP6AXXZ@Z 0000000140007658     MSVCRTD:utility.obj
 0002:00001660       $unwind$??$__crt_fast_encode_pointer@PEAP6AXXZ@@YAPEAP6AXXZQEAP6AXXZ@Z 0000000140007660     MSVCRTD:utility.obj
 0002:00001668       $unwind$__GSHandlerCheck_EH 0000000140007668     MSVCRTD:gshandlereh.obj
 0002:00001670       $xdatasym                  0000000140007670     MSVCRTD:_amdsecgs_.obj
 0002:00001674       $unwind$?set_app_type@__scrt_main_policy@@SAXXZ 0000000140007674     MSVCRTD:exe_main.obj
 0002:0000167c       $unwind$?set_fmode@__scrt_file_policy@@SAXXZ 000000014000767c     MSVCRTD:exe_main.obj
 0002:00001684       $unwind$?set_commode@__scrt_file_policy@@SAXXZ 0000000140007684     MSVCRTD:exe_main.obj
 0002:0000168c       $unwind$?invoke_main@@YAHXZ 000000014000768c     MSVCRTD:exe_main.obj
 0002:00001694       $unwind$?pre_c_initialization@@YAHXZ 0000000140007694     MSVCRTD:exe_main.obj
 0002:0000169c       $unwind$?post_pgo_initialization@@YAHXZ 000000014000769c     MSVCRTD:exe_main.obj
 0002:000016a4       $unwind$?pre_cpp_initialization@@YAXXZ 00000001400076a4     MSVCRTD:exe_main.obj
 0002:000016ac       $unwind$?__scrt_common_main_seh@@YAHXZ 00000001400076ac     MSVCRTD:exe_main.obj
 0002:000016cc       $unwind$?filt$0@?0??__scrt_common_main_seh@@YAHXZ@4HA 00000001400076cc     MSVCRTD:exe_main.obj
 0002:000016d4       $unwind$?__scrt_common_main@@YAHXZ 00000001400076d4     MSVCRTD:exe_main.obj
 0002:000016dc       $unwind$mainCRTStartup     00000001400076dc     MSVCRTD:exe_main.obj
 0002:000016e4       $unwind$??0exception@std@@QEAA@QEBDH@Z 00000001400076e4     MSVCRTD:throw_bad_alloc.obj
 0002:000016ec       $unwind$??0exception@std@@QEAA@AEBV01@@Z 00000001400076ec     MSVCRTD:throw_bad_alloc.obj
 0002:000016f4       $unwind$??1exception@std@@UEAA@XZ 00000001400076f4     MSVCRTD:throw_bad_alloc.obj
 0002:000016fc       $unwind$?what@exception@std@@UEBAPEBDXZ 00000001400076fc     MSVCRTD:throw_bad_alloc.obj
 0002:00001704       $unwind$??_Gexception@std@@UEAAPEAXI@Z 0000000140007704     MSVCRTD:throw_bad_alloc.obj
 0002:0000170c       $unwind$??0bad_alloc@std@@QEAA@XZ 000000014000770c     MSVCRTD:throw_bad_alloc.obj
 0002:00001714       $unwind$??0bad_alloc@std@@AEAA@QEBD@Z 0000000140007714     MSVCRTD:throw_bad_alloc.obj
 0002:0000171c       $unwind$??1bad_alloc@std@@UEAA@XZ 000000014000771c     MSVCRTD:throw_bad_alloc.obj
 0002:00001724       $unwind$??0bad_alloc@std@@QEAA@AEBV01@@Z 0000000140007724     MSVCRTD:throw_bad_alloc.obj
 0002:0000172c       $unwind$??_Gbad_alloc@std@@UEAAPEAXI@Z 000000014000772c     MSVCRTD:throw_bad_alloc.obj
 0002:00001734       $unwind$??0bad_array_new_length@std@@QEAA@XZ 0000000140007734     MSVCRTD:throw_bad_alloc.obj
 0002:0000173c       $unwind$??1bad_array_new_length@std@@UEAA@XZ 000000014000773c     MSVCRTD:throw_bad_alloc.obj
 0002:00001744       $unwind$??0bad_array_new_length@std@@QEAA@AEBV01@@Z 0000000140007744     MSVCRTD:throw_bad_alloc.obj
 0002:0000174c       $unwind$??_Gbad_array_new_length@std@@UEAAPEAXI@Z 000000014000774c     MSVCRTD:throw_bad_alloc.obj
 0002:00001754       $unwind$?__scrt_throw_std_bad_alloc@@YAXXZ 0000000140007754     MSVCRTD:throw_bad_alloc.obj
 0002:0000175c       $unwind$?__scrt_throw_std_bad_array_new_length@@YAXXZ 000000014000775c     MSVCRTD:throw_bad_alloc.obj
 0002:00001764       $unwind$??3@YAXPEAX@Z      0000000140007764     MSVCRTD:delete_scalar.obj
 0002:0000176c       $unwind$__isa_available_init 000000014000776c     MSVCRTD:_cpu_disp_.obj
 0002:0000177c       $unwind$__scrt_is_ucrt_dll_in_use 000000014000777c     MSVCRTD:ucrt_detection.obj
 0002:00001784       $unwind$__scrt_is_managed_app 0000000140007784     MSVCRTD:utility_desktop.obj
 0002:0000178c       $unwind$__scrt_initialize_mta 000000014000778c     MSVCRTD:utility_desktop.obj
 0002:00001794       $unwind$__scrt_set_unhandled_exception_filter 0000000140007794     MSVCRTD:utility_desktop.obj
 0002:0000179c       $unwind$__scrt_fastfail    000000014000779c     MSVCRTD:utility_desktop.obj
 0002:000017a8       $unwind$__scrt_unhandled_exception_filter 00000001400077a8     MSVCRTD:utility_desktop.obj
 0002:000017b0       $unwind$__GSHandlerCheckCommon 00000001400077b0     MSVCRTD:_gshandler_.obj
 0002:000017b8       $unwind$__GSHandlerCheck   00000001400077b8     MSVCRTD:_gshandler_.obj
 0002:000017c0       $unwind$__report_gsfailure 00000001400077c0     MSVCRTD:gs_report.obj
 0002:000017c8       $unwind$capture_previous_context 00000001400077c8     MSVCRTD:gs_report.obj
 0002:000017d0       $unwind$__raise_securityfailure 00000001400077d0     MSVCRTD:gs_report.obj
 0002:000017d8       $unwind$__security_init_cookie 00000001400077d8     MSVCRTD:gs_support.obj
 0002:000017e0       $unwind$__get_entropy      00000001400077e0     MSVCRTD:gs_support.obj
 0002:000017e8       $unwind$?__scrt_initialize_type_info@@YAXXZ 00000001400077e8     MSVCRTD:tncleanup.obj
 0002:000017f0       $unwind$__scrt_initialize_default_local_stdio_options 00000001400077f0     MSVCRTD:default_local_stdio_options.obj
 0002:000017f8       $unwind$__scrt_is_user_matherr_present 00000001400077f8     MSVCRTD:matherr_detection.obj
 0002:00001800       $unwind$_RTC_Initialize    0000000140007800     MSVCRTD:_initsect_.obj
 0002:0000180c       $unwind$_RTC_Terminate     000000014000780c     MSVCRTD:_initsect_.obj
 0002:00001818       $unwind$??_Gtype_info@@UEAAPEAXI@Z 0000000140007818     MSVCRTD:std_type_info_static.obj
 0002:00001820       $xdatasym                  0000000140007820     MSVCRTD:_guard_dispatch_.obj
 0002:00001bd8       .idata$6                   0000000140007bd8     msvcprtd:MSVCP140D.dll
 0002:00001d44       .idata$6                   0000000140007d44     kernel32:KERNEL32.dll
 0002:00001de4       .idata$6                   0000000140007de4     vcruntimed:VCRUNTIME140D.dll
 0002:00002048       .idata$6                   0000000140008048     ucrtd:ucrtbased.dll
 0003:00000148       ?is_initialized_as_dll@@3_NA 0000000140009148     MSVCRTD:utility.obj
 0003:00000149       ?module_local_atexit_table_initialized@@3_NA 0000000140009149     MSVCRTD:utility.obj
 0003:00000150       ?module_local_atexit_table@@3U_onexit_table_t@@A 0000000140009150     MSVCRTD:utility.obj
 0003:00000168       ?module_local_at_quick_exit_table@@3U_onexit_table_t@@A 0000000140009168     MSVCRTD:utility.obj
 0003:00000190       GS_ExceptionRecord         0000000140009190     MSVCRTD:gs_report.obj
 0003:00000230       GS_ContextRecord           0000000140009230     MSVCRTD:gs_report.obj
 0004:00000000       $pdata$sprintf             000000014000a000     component_printer.obj
 0004:0000000c       $pdata$?_Orphan_all@_Container_base12@std@@QEAAXXZ 000000014000a00c     component_printer.obj
 0004:00000018       $pdata$?getToken@@YA?AUToken@@PEAUTokenizer@@@Z 000000014000a018     component_printer.obj
 0004:00000024       $pdata$0$?getToken@@YA?AUToken@@PEAUTokenizer@@@Z 000000014000a024     component_printer.obj
 0004:00000030       $pdata$1$?getToken@@YA?AUToken@@PEAUTokenizer@@@Z 000000014000a030     component_printer.obj
 0004:0000003c       $pdata$?l_string@@YA?AUlen_string@@PEADI@Z 000000014000a03c     component_printer.obj
 0004:00000048       $pdata$??1?$vector@Ulen_string@@V?$allocator@Ulen_string@@@std@@@std@@QEAA@XZ 000000014000a048     component_printer.obj
 0004:00000054       $pdata$?_Xlength@?$vector@Ulen_string@@V?$allocator@Ulen_string@@@std@@@std@@CAXXZ 000000014000a054     component_printer.obj
 0004:00000060       $pdata$??__Ef_names@@YAXXZ 000000014000a060     component_printer.obj
 0004:0000006c       $pdata$??__Ff_names@@YAXXZ 000000014000a06c     component_printer.obj
 0004:00000078       $pdata$??__Efield_names@@YAXXZ 000000014000a078     component_printer.obj
 0004:00000084       $pdata$??__Ffield_names@@YAXXZ 000000014000a084     component_printer.obj
 0004:00000090       $pdata$main                000000014000a090     component_printer.obj
 0004:0000009c       $pdata$??$_Emplace_reallocate@AEBUlen_string@@@?$vector@Ulen_string@@V?$allocator@Ulen_string@@@std@@@std@@QEAAPEAUlen_string@@QEAU2@AEBU2@@Z 000000014000a09c     component_printer.obj
 0004:000000a8       $pdata$?catch$0@?0???$_Emplace_reallocate@AEBUlen_string@@@?$vector@Ulen_string@@V?$allocator@Ulen_string@@@std@@@std@@QEAAPEAUlen_string@@QEAU2@AEBU2@@Z@4HA 000000014000a0a8     component_printer.obj
 0004:000000b4       $pdata$??$_Allocate@$0BA@U_Default_allocate_traits@std@@$0A@@std@@YAPEAX_K@Z 000000014000a0b4     component_printer.obj
 0004:000000c0       $pdata$0$??$_Allocate@$0BA@U_Default_allocate_traits@std@@$0A@@std@@YAPEAX_K@Z 000000014000a0c0     component_printer.obj
 0004:000000cc       $pdata$1$??$_Allocate@$0BA@U_Default_allocate_traits@std@@$0A@@std@@YAPEAX_K@Z 000000014000a0cc     component_printer.obj
 0004:000000d8       $pdata$??$_Deallocate@$0BA@$0A@@std@@YAXPEAX_K@Z 000000014000a0d8     component_printer.obj
 0004:000000e4       $pdata$2$??$_Deallocate@$0BA@$0A@@std@@YAXPEAX_K@Z 000000014000a0e4     component_printer.obj
 0004:000000f0       $pdata$3$??$_Deallocate@$0BA@$0A@@std@@YAXPEAX_K@Z 000000014000a0f0     component_printer.obj
 0004:000000fc       $pdata$??2@YAPEAX_K@Z      000000014000a0fc     MSVCRTD:new_scalar.obj
 0004:00000108       $pdata$??3@YAXPEAX_K@Z     000000014000a108     MSVCRTD:delete_scalar_size.obj
 0004:00000114       $pdata$atexit              000000014000a114     MSVCRTD:utility.obj
 0004:00000120       $pdata$_onexit             000000014000a120     MSVCRTD:utility.obj
 0004:0000012c       $pdata$__scrt_is_nonwritable_in_current_image 000000014000a12c     MSVCRTD:utility.obj
 0004:00000138       $pdata$__scrt_is_nonwritable_in_current_image$filt$0 000000014000a138     MSVCRTD:utility.obj
 0004:00000144       $pdata$__scrt_acquire_startup_lock 000000014000a144     MSVCRTD:utility.obj
 0004:00000150       $pdata$__scrt_release_startup_lock 000000014000a150     MSVCRTD:utility.obj
 0004:0000015c       $pdata$__scrt_initialize_crt 000000014000a15c     MSVCRTD:utility.obj
 0004:00000168       $pdata$__scrt_uninitialize_crt 000000014000a168     MSVCRTD:utility.obj
 0004:00000174       $pdata$__scrt_initialize_onexit_tables 000000014000a174     MSVCRTD:utility.obj
 0004:00000180       $pdata$?configure_argv@__scrt_narrow_argv_policy@@SAHXZ 000000014000a180     MSVCRTD:utility.obj
 0004:0000018c       $pdata$?initialize_environment@__scrt_narrow_environment_policy@@SAHXZ 000000014000a18c     MSVCRTD:utility.obj
 0004:00000198       $pdata$?is_potentially_valid_image_base@@YA_NQEAX@Z 000000014000a198     MSVCRTD:utility.obj
 0004:000001a4       $pdata$?find_pe_section@@YAPEAU_IMAGE_SECTION_HEADER@@QEAE_K@Z 000000014000a1a4     MSVCRTD:utility.obj
 0004:000001b0       $pdata$??$__crt_fast_decode_pointer@PEAP6AXXZ@@YAPEAP6AXXZQEAP6AXXZ@Z 000000014000a1b0     MSVCRTD:utility.obj
 0004:000001bc       $pdata$??$__crt_fast_encode_pointer@PEAP6AXXZ@@YAPEAP6AXXZQEAP6AXXZ@Z 000000014000a1bc     MSVCRTD:utility.obj
 0004:000001c8       $pdata$__GSHandlerCheck_EH 000000014000a1c8     MSVCRTD:gshandlereh.obj
 0004:000001e0       $pdata$?set_app_type@__scrt_main_policy@@SAXXZ 000000014000a1e0     MSVCRTD:exe_main.obj
 0004:000001ec       $pdata$?set_fmode@__scrt_file_policy@@SAXXZ 000000014000a1ec     MSVCRTD:exe_main.obj
 0004:000001f8       $pdata$?set_commode@__scrt_file_policy@@SAXXZ 000000014000a1f8     MSVCRTD:exe_main.obj
 0004:00000204       $pdata$?invoke_main@@YAHXZ 000000014000a204     MSVCRTD:exe_main.obj
 0004:00000210       $pdata$?pre_c_initialization@@YAHXZ 000000014000a210     MSVCRTD:exe_main.obj
 0004:0000021c       $pdata$?post_pgo_initialization@@YAHXZ 000000014000a21c     MSVCRTD:exe_main.obj
 0004:00000228       $pdata$?pre_cpp_initialization@@YAXXZ 000000014000a228     MSVCRTD:exe_main.obj
 0004:00000234       $pdata$?__scrt_common_main_seh@@YAHXZ 000000014000a234     MSVCRTD:exe_main.obj
 0004:00000240       $pdata$?filt$0@?0??__scrt_common_main_seh@@YAHXZ@4HA 000000014000a240     MSVCRTD:exe_main.obj
 0004:0000024c       $pdata$?__scrt_common_main@@YAHXZ 000000014000a24c     MSVCRTD:exe_main.obj
 0004:00000258       $pdata$mainCRTStartup      000000014000a258     MSVCRTD:exe_main.obj
 0004:00000264       $pdata$??0exception@std@@QEAA@QEBDH@Z 000000014000a264     MSVCRTD:throw_bad_alloc.obj
 0004:00000270       $pdata$??0exception@std@@QEAA@AEBV01@@Z 000000014000a270     MSVCRTD:throw_bad_alloc.obj
 0004:0000027c       $pdata$??1exception@std@@UEAA@XZ 000000014000a27c     MSVCRTD:throw_bad_alloc.obj
 0004:00000288       $pdata$?what@exception@std@@UEBAPEBDXZ 000000014000a288     MSVCRTD:throw_bad_alloc.obj
 0004:00000294       $pdata$??_Gexception@std@@UEAAPEAXI@Z 000000014000a294     MSVCRTD:throw_bad_alloc.obj
 0004:000002a0       $pdata$??0bad_alloc@std@@QEAA@XZ 000000014000a2a0     MSVCRTD:throw_bad_alloc.obj
 0004:000002ac       $pdata$??0bad_alloc@std@@AEAA@QEBD@Z 000000014000a2ac     MSVCRTD:throw_bad_alloc.obj
 0004:000002b8       $pdata$??1bad_alloc@std@@UEAA@XZ 000000014000a2b8     MSVCRTD:throw_bad_alloc.obj
 0004:000002c4       $pdata$??0bad_alloc@std@@QEAA@AEBV01@@Z 000000014000a2c4     MSVCRTD:throw_bad_alloc.obj
 0004:000002d0       $pdata$??_Gbad_alloc@std@@UEAAPEAXI@Z 000000014000a2d0     MSVCRTD:throw_bad_alloc.obj
 0004:000002dc       $pdata$??0bad_array_new_length@std@@QEAA@XZ 000000014000a2dc     MSVCRTD:throw_bad_alloc.obj
 0004:000002e8       $pdata$??1bad_array_new_length@std@@UEAA@XZ 000000014000a2e8     MSVCRTD:throw_bad_alloc.obj
 0004:000002f4       $pdata$??0bad_array_new_length@std@@QEAA@AEBV01@@Z 000000014000a2f4     MSVCRTD:throw_bad_alloc.obj
 0004:00000300       $pdata$??_Gbad_array_new_length@std@@UEAAPEAXI@Z 000000014000a300     MSVCRTD:throw_bad_alloc.obj
 0004:0000030c       $pdata$?__scrt_throw_std_bad_alloc@@YAXXZ 000000014000a30c     MSVCRTD:throw_bad_alloc.obj
 0004:00000318       $pdata$?__scrt_throw_std_bad_array_new_length@@YAXXZ 000000014000a318     MSVCRTD:throw_bad_alloc.obj
 0004:00000324       $pdata$??3@YAXPEAX@Z       000000014000a324     MSVCRTD:delete_scalar.obj
 0004:00000330       $pdata$__isa_available_init 000000014000a330     MSVCRTD:_cpu_disp_.obj
 0004:0000033c       $pdata$__scrt_is_ucrt_dll_in_use 000000014000a33c     MSVCRTD:ucrt_detection.obj
 0004:00000348       $pdata$__scrt_is_managed_app 000000014000a348     MSVCRTD:utility_desktop.obj
 0004:00000354       $pdata$__scrt_initialize_mta 000000014000a354     MSVCRTD:utility_desktop.obj
 0004:00000360       $pdata$__scrt_set_unhandled_exception_filter 000000014000a360     MSVCRTD:utility_desktop.obj
 0004:0000036c       $pdata$__scrt_fastfail     000000014000a36c     MSVCRTD:utility_desktop.obj
 0004:00000378       $pdata$__scrt_unhandled_exception_filter 000000014000a378     MSVCRTD:utility_desktop.obj
 0004:00000384       $pdata$__GSHandlerCheckCommon 000000014000a384     MSVCRTD:_gshandler_.obj
 0004:00000390       $pdata$__GSHandlerCheck    000000014000a390     MSVCRTD:_gshandler_.obj
 0004:0000039c       $pdata$__report_gsfailure  000000014000a39c     MSVCRTD:gs_report.obj
 0004:000003a8       $pdata$capture_previous_context 000000014000a3a8     MSVCRTD:gs_report.obj
 0004:000003b4       $pdata$__raise_securityfailure 000000014000a3b4     MSVCRTD:gs_report.obj
 0004:000003c0       $pdata$__security_init_cookie 000000014000a3c0     MSVCRTD:gs_support.obj
 0004:000003cc       $pdata$__get_entropy       000000014000a3cc     MSVCRTD:gs_support.obj
 0004:000003d8       $pdata$?__scrt_initialize_type_info@@YAXXZ 000000014000a3d8     MSVCRTD:tncleanup.obj
 0004:000003e4       $pdata$__scrt_initialize_default_local_stdio_options 000000014000a3e4     MSVCRTD:default_local_stdio_options.obj
 0004:000003f0       $pdata$__scrt_is_user_matherr_present 000000014000a3f0     MSVCRTD:matherr_detection.obj
 0004:000003fc       $pdata$_RTC_Initialize     000000014000a3fc     MSVCRTD:_initsect_.obj
 0004:00000408       $pdata$_RTC_Terminate      000000014000a408     MSVCRTD:_initsect_.obj
 0004:00000414       $pdata$??_Gtype_info@@UEAAPEAXI@Z 000000014000a414     MSVCRTD:std_type_info_static.obj
